// Bun Snapshot v1, https://bun.sh/docs/test/snapshots

exports[`<REPL> status baseline idle status (default mount) 1`] = `
"
          
  ▐▛███▜▌    Claudio vtest-version
  ▐█████▌    Not configured · claude-opus-4-7[1m]
   ▘▘ ▝▝     ~/projects/claudio


────────────────────────────────────────────────────────────────────────────────────────────────────
❯

                                                                               ~/projects/claudio 
  ? for shortcuts"
`;

exports[`<REPL> status baseline idle status, narrow terminal (40 cols) 1`] = `
"
          
  ▐▛███▜▌    Claudio vtest-version
  ▐█████▌    Not configured · claude-opu
   ▘▘ ▝▝     ~/projects/claudio


────────────────────────────────────────
❯

                   ~/projects/claudio 
  ? for shortcuts"
`;

exports[`<REPL> status baseline idle status, wide terminal (160 cols) 1`] = `
"
          
  ▐▛███▜▌    Claudio vtest-version
  ▐█████▌    Not configured · claude-opus-4-7[1m]
   ▘▘ ▝▝     ~/projects/claudio


────────────────────────────────────────────────────────────────────────────────────────────────────────────────────────────────────────────────────────────────
❯

                                                                                                                                           ~/projects/claudio 
  ? for shortcuts"
`;
