// Bun Snapshot v1, https://bun.sh/docs/test/snapshots

exports[`<REPL> status baseline idle status (default mount) 1`] = `
"▐▛███▜▌   Claudin vtest-version
▐█████▌   Not configured · Sonnet 4.6
 ▘▘ ▝▝    ~/projects/claudin

────────────────────────────────────────────────────────────────────────────────────────────────────
❯

 ◐ medium ──────────────────────────────────────────────────────────────────── ~/projects/claudin 
? for shortcuts"
`;

exports[`<REPL> status baseline idle status, narrow terminal (40 cols) 1`] = `
"▐▛███▜▌   Claudin vtest-version
▐█████▌   Not configured · Sonnet 4.6
 ▘▘ ▝▝    ~/projects/claudin

────────────────────────────────────────
❯

 ◐ medium ──────── ~/projects/claudin 
? for shortcuts"
`;

exports[`<REPL> status baseline idle status, wide terminal (160 cols) 1`] = `
"▐▛███▜▌   Claudin vtest-version
▐█████▌   Not configured · Sonnet 4.6
 ▘▘ ▝▝    ~/projects/claudin

────────────────────────────────────────────────────────────────────────────────────────────────────────────────────────────────────────────────────────────────
❯

 ◐ medium ──────────────────────────────────────────────────────────────────────────────────────────────────────────────────────────────── ~/projects/claudin 
? for shortcuts"
`;
