// Bun Snapshot v1, https://bun.sh/docs/test/snapshots

exports[`slash-command registry — characterization the registered bindings match the snapshot 1`] = `
[
  "addDir",
  "advisor",
  "agentWorkflowsCmd",
  "agents",
  "autoFix",
  "autoModeSetup",
  "autofixPr",
  "branch",
  "bridge",
  "btw",
  "buddy",
  "cacheProbe",
  "cacheStats",
  "cd",
  "clear",
  "color",
  "commit",
  "compact",
  "config",
  "context",
  "contextNonInteractive",
  "copy",
  "cost",
  "desktop",
  "diff",
  "doctor",
  "dream",
  "effort",
  "exit",
  "explorer",
  "exportCommand",
  "fast",
  "feedback",
  "goal",
  "heapDump",
  "help",
  "hooks",
  "ide",
  "importCommand",
  "init",
  "installGitHubApp",
  "installSlackApp",
  "keybindings",
  "knowledge",
  "mcp",
  "memory",
  "model",
  "outputStyle",
  "permissions",
  "plan",
  "plugin",
  "provider",
  "releaseNotes",
  "reloadPlugins",
  "remoteEnv",
  "rename",
  "resume",
  "review",
  "rewind",
  "sandboxToggle",
  "securityReview",
  "session",
  "skills",
  "stats",
  "status",
  "stickers",
  "tasks",
  "terminalSetup",
  "theme",
  "thinkback",
  "thinkbackPlay",
  "torch",
  "ultrareview",
  "usage",
  "usageReport",
  "vim",
  "wiki",
  "workflowsCmd",
]
`;

exports[`slash-command registry — characterization the flag-gated command table matches the snapshot 1`] = `
[
  {
    "binding": "agentWorkflowsCmd",
    "flags": [
      "AGENT_WORKFLOWS",
    ],
    "specifier": "src/commands/workflows/index.js",
  },
  {
    "binding": "bridge",
    "flags": [
      "BRIDGE_MODE",
    ],
    "specifier": "src/commands/bridge/index.js",
  },
  {
    "binding": "clearSkillIndexCache",
    "flags": [
      "EXPERIMENTAL_SKILL_SEARCH",
    ],
    "specifier": "../skills/search/localSearch.js",
  },
  {
    "binding": "forceSnip",
    "flags": [
      "HISTORY_SNIP",
    ],
    "specifier": "./force-snip.js",
  },
  {
    "binding": "getWorkflowCommands",
    "flags": [
      "WORKFLOW_SCRIPTS",
    ],
    "specifier": "../tools/WorkflowTool/createWorkflowCommand.js",
  },
  {
    "binding": "torch",
    "flags": [
      "TORCH",
    ],
    "specifier": "./torch.js",
  },
  {
    "binding": "ultraplan",
    "flags": [
      "ULTRAPLAN",
    ],
    "specifier": "src/commands/ultraplan.js",
  },
  {
    "binding": "workflowsCmd",
    "flags": [
      "WORKFLOW_SCRIPTS",
    ],
    "specifier": "src/commands/workflows/index.js",
  },
]
`;
