// Bun Snapshot v1, https://bun.sh/docs/test/snapshots

exports[`sessionStorage barrel exports a stable, known set of runtime symbols 1`] = `
[
  "EPHEMERAL_PROGRESS_TYPES",
  "INITIAL_ENRICH_COUNT",
  "MAX_TRANSCRIPT_READ_BYTES",
  "SKIP_FIRST_PROMPT_PATTERN",
  "adoptResumedSessionFile",
  "applyPreservedSegmentRelinks",
  "applySnipRemovals",
  "buildAttributionSnapshotChain",
  "buildConversationChain",
  "buildFileHistorySnapshotChain",
  "cacheSessionTitle",
  "checkResumeConsistency",
  "cleanMessagesForLogging",
  "clearAgentTranscriptSubdir",
  "clearSessionMessagesCache",
  "clearSessionMetadata",
  "deleteRemoteAgentMetadata",
  "doesMessageExistInSession",
  "enrichLogs",
  "extractAgentIdsFromMessages",
  "extractFirstPrompt",
  "extractFirstPromptFromChunk",
  "extractTeammateTranscriptsFromTasks",
  "fetchLogs",
  "findLatestMessage",
  "findUnresolvedToolUse",
  "flushSessionStorage",
  "getAgentTranscript",
  "getAgentTranscriptPath",
  "getCurrentSessionAgentColor",
  "getCurrentSessionTag",
  "getCurrentSessionTitle",
  "getFirstMeaningfulUserMessageTextContent",
  "getLastSessionLog",
  "getLogByIndex",
  "getNodeEnv",
  "getProject",
  "getProjectDir",
  "getProjectsDir",
  "getSessionFilesLite",
  "getSessionFilesWithMtime",
  "getSessionIdFromLog",
  "getTranscriptPath",
  "getTranscriptPathForSession",
  "getUserType",
  "hydrateFromCCRv2InternalEvents",
  "hydrateRemoteSession",
  "isChainParticipant",
  "isCustomTitleEnabled",
  "isEphemeralToolProgress",
  "isLegacyProgressEntry",
  "isLiteLog",
  "isLoggableMessage",
  "isTranscriptMessage",
  "linkSessionToPR",
  "listRemoteAgentMetadata",
  "loadAllLogsFromSessionFile",
  "loadAllProjectsMessageLogs",
  "loadAllProjectsMessageLogsProgressive",
  "loadAllSubagentTranscriptsFromDisk",
  "loadFullLog",
  "loadMessageLogs",
  "loadSameRepoMessageLogs",
  "loadSameRepoMessageLogsProgressive",
  "loadSubagentTranscripts",
  "loadTranscriptFile",
  "loadTranscriptFromFile",
  "reAppendSessionMetadata",
  "readAgentMetadata",
  "readRemoteAgentMetadata",
  "recordAttributionSnapshot",
  "recordContentReplacement",
  "recordContextCollapseCommit",
  "recordContextCollapseSnapshot",
  "recordFileHistorySnapshot",
  "recordQueueOperation",
  "recordSidechainTranscript",
  "recordTranscript",
  "recoverOrphanedParallelToolResults",
  "removeExtraFields",
  "removeTranscriptMessage",
  "resetProjectFlushStateForTesting",
  "resetProjectForTesting",
  "resetSessionFilePointer",
  "restoreSessionMetadata",
  "saveAgentColor",
  "saveAgentName",
  "saveAgentSetting",
  "saveAiGeneratedTitle",
  "saveCustomTitle",
  "saveMode",
  "saveTag",
  "saveTaskSummary",
  "saveWorktreeState",
  "searchSessionsByCustomTitle",
  "sessionIdExists",
  "setAgentTranscriptSubdir",
  "setInternalEventReader",
  "setInternalEventWriter",
  "setRemoteIngressUrlForTesting",
  "setSessionFileForTesting",
  "stripPersistedToolUseResultsFromJSONLBuffer",
  "writeAgentMetadata",
  "writeRemoteAgentMetadata",
]
`;
