// Bun Snapshot v1, https://bun.sh/docs/test/snapshots

exports[`LSPTool read-only regression baseline goToDefinition: request shape + single-location format: request 1`] = `
[
  {
    "filePath": "<TMP>/sample.ts",
    "method": "textDocument/definition",
    "params": {
      "position": {
        "character": 13,
        "line": 0,
      },
      "textDocument": {
        "uri": "file:///TMP/sample.ts",
      },
    },
  },
]
`;

exports[`LSPTool read-only regression baseline goToDefinition: request shape + single-location format: output 1`] = `"Defined in sample.ts:1:14"`;

exports[`LSPTool read-only regression baseline findReferences: request shape + multi-location format: request 1`] = `
[
  {
    "filePath": "<TMP>/sample.ts",
    "method": "textDocument/references",
    "params": {
      "context": {
        "includeDeclaration": true,
      },
      "position": {
        "character": 13,
        "line": 0,
      },
      "textDocument": {
        "uri": "file:///TMP/sample.ts",
      },
    },
  },
]
`;

exports[`LSPTool read-only regression baseline findReferences: request shape + multi-location format: output 1`] = `
"Found 2 references across 1 files:

sample.ts:
  Line 1:14
  Line 2:17"
`;

exports[`LSPTool read-only regression baseline hover: request shape + markdown extraction: request 1`] = `
[
  {
    "filePath": "<TMP>/sample.ts",
    "method": "textDocument/hover",
    "params": {
      "position": {
        "character": 13,
        "line": 0,
      },
      "textDocument": {
        "uri": "file:///TMP/sample.ts",
      },
    },
  },
]
`;

exports[`LSPTool read-only regression baseline hover: request shape + markdown extraction: output 1`] = `
"Hover info at 1:14:

\`\`\`ts
const foo: number
\`\`\`"
`;

exports[`LSPTool read-only regression baseline documentSymbol: request shape + DocumentSymbol[] format: request 1`] = `
[
  {
    "filePath": "<TMP>/sample.ts",
    "method": "textDocument/documentSymbol",
    "params": {
      "textDocument": {
        "uri": "file:///TMP/sample.ts",
      },
    },
  },
]
`;

exports[`LSPTool read-only regression baseline documentSymbol: request shape + DocumentSymbol[] format: output 1`] = `
"Document symbols:
foo (Variable) - Line 1
bar (Function) - Line 2"
`;

exports[`LSPTool read-only regression baseline workspaceSymbol: request shape + symbol format: request 1`] = `
[
  {
    "filePath": "<TMP>/sample.ts",
    "method": "workspace/symbol",
    "params": {
      "query": "",
    },
  },
]
`;

exports[`LSPTool read-only regression baseline workspaceSymbol: request shape + symbol format: output 1`] = `
"Found 1 symbol in workspace:

sample.ts:
  foo (Variable) - Line 1"
`;

exports[`LSPTool read-only regression baseline goToImplementation: request shape + format reuses goToDefinition: request 1`] = `
[
  {
    "filePath": "<TMP>/sample.ts",
    "method": "textDocument/implementation",
    "params": {
      "position": {
        "character": 13,
        "line": 0,
      },
      "textDocument": {
        "uri": "file:///TMP/sample.ts",
      },
    },
  },
]
`;

exports[`LSPTool read-only regression baseline goToImplementation: request shape + format reuses goToDefinition: output 1`] = `"Defined in sample.ts:2:17"`;

exports[`LSPTool read-only regression baseline prepareCallHierarchy: request shape + item format: request 1`] = `
[
  {
    "filePath": "<TMP>/sample.ts",
    "method": "textDocument/prepareCallHierarchy",
    "params": {
      "position": {
        "character": 16,
        "line": 1,
      },
      "textDocument": {
        "uri": "file:///TMP/sample.ts",
      },
    },
  },
]
`;

exports[`LSPTool read-only regression baseline prepareCallHierarchy: request shape + item format: output 1`] = `"Call hierarchy item: bar (Function) - sample.ts:2"`;

exports[`LSPTool read-only regression baseline incomingCalls: two-step (prepare → calls) request shape + format: request 1`] = `
[
  {
    "filePath": "<TMP>/sample.ts",
    "method": "textDocument/prepareCallHierarchy",
    "params": {
      "position": {
        "character": 16,
        "line": 1,
      },
      "textDocument": {
        "uri": "file:///TMP/sample.ts",
      },
    },
  },
  {
    "filePath": "<TMP>/sample.ts",
    "method": "callHierarchy/incomingCalls",
    "params": {
      "item": {
        "kind": 12,
        "name": "bar",
        "range": {
          "end": {
            "character": 24,
            "line": 1,
          },
          "start": {
            "character": 0,
            "line": 1,
          },
        },
        "selectionRange": {
          "end": {
            "character": 19,
            "line": 1,
          },
          "start": {
            "character": 16,
            "line": 1,
          },
        },
        "uri": "file:///TMP/sample.ts",
      },
    },
  },
]
`;

exports[`LSPTool read-only regression baseline incomingCalls: two-step (prepare → calls) request shape + format: output 1`] = `
"Found 1 incoming call:

sample.ts:
  caller (Function) - Line 1 [calls at: 1:14]"
`;

exports[`LSPTool read-only regression baseline outgoingCalls: two-step request shape + format: request 1`] = `
[
  {
    "filePath": "<TMP>/sample.ts",
    "method": "textDocument/prepareCallHierarchy",
    "params": {
      "position": {
        "character": 16,
        "line": 1,
      },
      "textDocument": {
        "uri": "file:///TMP/sample.ts",
      },
    },
  },
  {
    "filePath": "<TMP>/sample.ts",
    "method": "callHierarchy/outgoingCalls",
    "params": {
      "item": {
        "kind": 12,
        "name": "bar",
        "range": {
          "end": {
            "character": 24,
            "line": 1,
          },
          "start": {
            "character": 0,
            "line": 1,
          },
        },
        "selectionRange": {
          "end": {
            "character": 19,
            "line": 1,
          },
          "start": {
            "character": 16,
            "line": 1,
          },
        },
        "uri": "file:///TMP/sample.ts",
      },
    },
  },
]
`;

exports[`LSPTool read-only regression baseline outgoingCalls: two-step request shape + format: output 1`] = `
"Found 1 outgoing call:

sample.ts:
  callee (Function) - Line 1 [called from: 2:19]"
`;
